Microchip MPLAB XC8 Compiler V2.20

Linker command line:

-W-3 --edf=C:\Program Files\Microchip\xc8\v2.20\pic\dat\en_msgs.txt -cn \
  -h+dist/default/production\Zero_Cross-MIDI.X.production.sym \
  --cmf=dist/default/production\Zero_Cross-MIDI.X.production.cmf -z \
  -Q18F47K40 -oC:\Users\lucpe\AppData\Local\Temp\s260.2 \
  --defsym=__MPLAB_BUILD=1 \
  -Mdist/default/production/Zero_Cross-MIDI.X.production.map -E1 \
  -ver=XC8 Compiler --acfsm=1493 -ASTACK=010Ah-0E87h -pstack=STACK \
  -ACODE=00h-01FFFFh -ACONST=00h-01FFFFh -ASMALLCONST=0F00h-0FFFhx497 \
  -AMEDIUMCONST=0F00h-0FFFFh,010F00h-01FFFFh -ACOMRAM=01h-05Fh \
  -AABS1=00h-0E87h -ABIGRAM=01h-0E87h \
  -ARAM=060h-0FFh,0100h-01FFhx13,0E00h-0E87h -ABANK0=060h-0FFh \
  -ABANK1=0100h-01FFh -ABANK2=0200h-02FFh -ABANK3=0300h-03FFh \
  -ABANK4=0400h-04FFh -ABANK5=0500h-05FFh -ABANK6=0600h-06FFh \
  -ABANK7=0700h-07FFh -ABANK8=0800h-08FFh -ABANK9=0900h-09FFh \
  -ABANK10=0A00h-0AFFh -ABANK11=0B00h-0BFFh -ABANK12=0C00h-0CFFh \
  -ABANK13=0D00h-0DFFh -ABANK14=0E00h-0E87h \
  -ASFR=0E8Dh-0EFFh,0F00h-0F5Fh,0F60h-0FFFh -ACONFIG=0300000h-030000Bh \
  -AIDLOC=0200000h-020000Fh \
  -preset_vec=00h,intcode=08h,intcodelo,powerup,init -pramtop=0F00h \
  -psmallconst=SMALLCONST -pmediumconst=MEDIUMCONST -pconst=CONST \
  -AFARRAM=00h-00h -AEEDATA=0310000h-03103FFh -peeprom_data=EEDATA \
  -prdata=COMRAM,nvrram=COMRAM,nvbit=COMRAM,rbss=COMRAM,rbit=COMRAM \
  -pfarbss=FARRAM,fardata=FARRAM,nvFARRAM=FARRAM \
  -pintsave_regs=BIGRAM,bigbss=BIGRAM,bigdata=BIGRAM -pbss=RAM \
  -pidata=CODE,irdata=CODE,ibigdata=CODE,ifardata=CODE -prparam=COMRAM \
  C:\Users\lucpe\AppData\Local\Temp\s260.o \
  dist/default/production\Zero_Cross-MIDI.X.production.o 

Object code version is 3.11

Machine type is 18F47K40



                Name                               Link     Load   Length Selector   Space Scale
C:\Users\lucpe\AppData\Local\Temp\s260.o
                idloc                            200000   200000       10        0       5
                config                           300000   300000        C        0       4
                init                                144      144        4        4       0
                reset_vec                             0        0        4        0       0
dist/default/production\Zero_Cross-MIDI.X.production.o
                intcode                               8        8      13C        4       0
                idloc                            200000   200000       10        0       5
                config                           300000   300000        C        0       4
                temp                                 5F       5F        1        1       1
                smallconst                          F00      F00       3A      780       0
                text25                             32B8     32B8      106      79D       0
                text24                             2964     2964      39A      79D       0
                text23                             253A     253A      42A      79D       0
                text22                             207A     207A      4C0      79D       0
                text21                             3686     3686       46      79D       0
                text20                             2FB0     2FB0      1B4      79D       0
                text19                              F3A      F3A      8E6      79D       0
                text18                             3164     3164      154      79D       0
                text17                             37C8     37C8       16      79D       0
                text16                             37B2     37B2       16      79D       0
                text15                             34C2     34C2       C4      79D       0
                text14                             33BE     33BE      104      79D       0
                text13                             1820     1820      85A      79D       0
                text12                             2CFE     2CFE      2B2      79D       0
                text10                             3748     3748       1C      79D       0
                text9                              37F2     37F2       12      79D       0
                text8                              37DE     37DE       14      79D       0
                text7                              3798     3798       1A      79D       0
                text6                              377E     377E       1A      79D       0
                text5                              3804     3804       10      79D       0
                text4                              3814     3814        C      79D       0
                text3                              3764     3764       1A      79D       0
                text2                              370A     370A       3E      79D       0
                text1                              36CC     36CC       3E      79D       0
                text0                              3586     3586       B8      79D       0
                cstackCOMRAM                          1        1       5E        1       1
                cstackBANK0                          60       60       75       60       1
                cstackBANK1                         100      100        6      100       1
                bssBANK1                            106      106        4      100       1
                dataBANK0                            F7       F7        4       60       1
                bssBANK0                             D5       D5       22       60       1
                cinit                              363E     363E       48      79D       0
                idataBANK0                         3820     3820        4      79D       0

TOTAL           Name                               Link     Load   Length     Space
        CLASS   STACK          

        CLASS   CODE           
                intcode                               8        8      13C         0
                init                                144      144        4         0
                reset_vec                             0        0        4         0
                text25                             32B8     32B8      106         0
                text24                             2964     2964      39A         0
                text23                             253A     253A      42A         0
                text22                             207A     207A      4C0         0
                text21                             3686     3686       46         0
                text20                             2FB0     2FB0      1B4         0
                text19                              F3A      F3A      8E6         0
                text18                             3164     3164      154         0
                text17                             37C8     37C8       16         0
                text16                             37B2     37B2       16         0
                text15                             34C2     34C2       C4         0
                text14                             33BE     33BE      104         0
                text13                             1820     1820      85A         0
                text12                             2CFE     2CFE      2B2         0
                text10                             3748     3748       1C         0
                text9                              37F2     37F2       12         0
                text8                              37DE     37DE       14         0
                text7                              3798     3798       1A         0
                text6                              377E     377E       1A         0
                text5                              3804     3804       10         0
                text4                              3814     3814        C         0
                text3                              3764     3764       1A         0
                text2                              370A     370A       3E         0
                text1                              36CC     36CC       3E         0
                text0                              3586     3586       B8         0
                cinit                              363E     363E       48         0
                idataBANK0                         3820     3820        4         0

        CLASS   CONST          

        CLASS   SMALLCONST     
                smallconst                          F00      F00       3A         0

        CLASS   MEDIUMCONST    

        CLASS   COMRAM         
                temp                                 5F       5F        1         1
                cstackCOMRAM                          1        1       5E         1

        CLASS   ABS1           

        CLASS   BIGRAM         

        CLASS   RAM            

        CLASS   BANK0          
                cstackBANK0                          60       60       75         1
                dataBANK0                            F7       F7        4         1
                bssBANK0                             D5       D5       22         1

        CLASS   BANK1          
                cstackBANK1                         100      100        6         1
                bssBANK1                            106      106        4         1

        CLASS   BANK2          

        CLASS   BANK3          

        CLASS   BANK4          

        CLASS   BANK5          

        CLASS   BANK6          

        CLASS   BANK7          

        CLASS   BANK8          

        CLASS   BANK9          

        CLASS   BANK10         

        CLASS   BANK11         

        CLASS   BANK12         

        CLASS   BANK13         

        CLASS   BANK14         

        CLASS   SFR            

        CLASS   CONFIG         
                config                           300000   300000        C         4

        CLASS   IDLOC          
                idloc                            200000   200000       10         5

        CLASS   FARRAM         

        CLASS   EEDATA         



SEGMENTS        Name                           Load    Length   Top    Selector   Space  Class

                reset_vec                      000000  000004  000004         0       0  CODE    
                cstackCOMRAM                   000001  00005F  000060         1       1  COMRAM  
                intcode                        000008  000140  000148         4       0  CODE    
                cstackBANK0                    000060  00009B  0000FB        60       1  BANK0   
                cstackBANK1                    000100  00000A  00010A       100       1  BANK1   
                smallconst                     000F00  00003A  000F3A       780       0  SMALLCON
                text19                         000F3A  0028EA  003824       79D       0  CODE    


UNUSED ADDRESS RANGES

        Name                Unused          Largest block    Delta
        BANK0            0000FB-0000FF                5
        BANK1            00010A-0001FF               F6
        BANK10           000A00-000AFF              100
        BANK11           000B00-000BFF              100
        BANK12           000C00-000CFF              100
        BANK13           000D00-000DFF              100
        BANK14           000E00-000E87               88
        BANK2            000200-0002FF              100
        BANK3            000300-0003FF              100
        BANK4            000400-0004FF              100
        BANK5            000500-0005FF              100
        BANK6            000600-0006FF              100
        BANK7            000700-0007FF              100
        BANK8            000800-0008FF              100
        BANK9            000900-0009FF              100
        BIGRAM           0000FB-0000FF                5
                         00010A-000E87              D7E
        CODE             000004-000007                4
                         000148-000EFF              DB8
                         003824-01FFFF            1C7DC
        CONST            000004-000007                4
                         000148-000EFF              DB8
                         003824-01FFFF            1C7DC
        EEDATA           310000-3103FF              400
        MEDIUMCONST      003824-00FFFF             C7DC
                         010F00-01FFFF             F100
        RAM              0000FB-0000FF                5
                         00010A-000E87              100
        SFR              000E8D-000FFF               73
        SMALLCONST       003824-01FFFF              100
        STACK            00010A-000E87              D7E

                                  Symbol Table

?_ADToMIDI_DC                cstackCOMRAM 00005D
?___awdiv                    cstackCOMRAM 000001
?___fladd                    cstackCOMRAM 000041
?___fldiv                    cstackCOMRAM 00000F
?___flmul                    cstackCOMRAM 000028
?___flsub                    cstackCOMRAM 000051
?___fltol                    cstackCOMRAM 000051
?___xxtofl                   cstackCOMRAM 000001
?_log10f                     cstackCOMRAM 000059
?_log2f                      cstackCOMRAM 000059
ADToMIDI_DC@in               cstackCOMRAM 00005D
ADToMIDI_DC@out              cstackBANK0  0000C2
ADToMIDI_DC@v                cstackBANK0  0000C4
_ADCConfig                   text10       003748
_ADCON0bits                  (abs)        000F60
_ADConvert                   text9        0037F2
_ADPCH                       (abs)        000F5F
_ADREFbits                   (abs)        000F58
_ADRES                       (abs)        000F63
_ADToMIDI_DC                 text18       003164
_ADToMIDI_DC$2338            cstackBANK0  0000BA
_ADToMIDI_DC$2339            cstackBANK0  0000BE
_ANSELAbits                  (abs)        000F11
_BAUD1CONbits                (abs)        000F9F
_CCP1CONbits                 (abs)        000FAC
_CCP1Config                  text8        0037DE
_CCPR1                       (abs)        000FAA
_INTCONbits                  (abs)        000FF2
_IPR1bits                    (abs)        000EBB
_IPR2bits                    (abs)        000EBC
_LATA                        (abs)        000F83
_LATAbits                    (abs)        000F83
_LATB                        (abs)        000F84
_LATBbits                    (abs)        000F84
_LATC                        (abs)        000F85
_PIE1bits                    (abs)        000EC3
_PIE2bits                    (abs)        000EC4
_PIE3bits                    (abs)        000EC5
_PIR1bits                    (abs)        000ECB
_PIR2bits                    (abs)        000ECC
_PIR3bits                    (abs)        000ECD
_PIR6bits                    (abs)        000ED0
_RC1STAbits                  (abs)        000F9D
_RC6PPS                      (abs)        000EFD
_SP1BRGL                     (abs)        000F9B
_T0CON0bits                  (abs)        000FD5
_T0CON1bits                  (abs)        000FD6
_T1CLKbits                   (abs)        000FD2
_T1CONbits                   (abs)        000FCF
_T1GCONbits                  (abs)        000FD0
_T3CLKbits                   (abs)        000FCC
_T3CONbits                   (abs)        000FC9
_T3GCONbits                  (abs)        000FCA
_TMR0                        (abs)        000FD3
_TMR1Config                  text7        003798
_TMR1H                       (abs)        000FCE
_TMR1L                       (abs)        000FCD
_TMR1Reset                   text17       0037C8
_TMR3                        (abs)        000FC7
_TMR3Config                  text6        00377E
_TMR3H                       (abs)        000FC8
_TMR3L                       (abs)        000FC7
_TMR3Reset                   text16       0037B2
_TRISAbits                   (abs)        000F88
_TRISBbits                   (abs)        000F89
_TRISCbits                   (abs)        000F8A
_TX1REG                      (abs)        000F9A
_TX1STAbits                  (abs)        000F9E
_ZCDCONbits                  (abs)        000F32
_ZCDConfig                   text5        003804
_ZCDPriority                 text4        003814
__HRAM                       (abs)        000000
__Habs1                      abs1         000000
__Hbank0                     bank0        000000
__Hbank1                     bank1        000000
__Hbank10                    bank10       000000
__Hbank11                    bank11       000000
__Hbank12                    bank12       000000
__Hbank13                    bank13       000000
__Hbank14                    bank14       000000
__Hbank2                     bank2        000000
__Hbank3                     bank3        000000
__Hbank4                     bank4        000000
__Hbank5                     bank5        000000
__Hbank6                     bank6        000000
__Hbank7                     bank7        000000
__Hbank8                     bank8        000000
__Hbank9                     bank9        000000
__Hbigbss                    bigbss       000000
__Hbigdata                   bigdata      000000
__Hbigram                    bigram       000000
__Hbss                       bss          000000
__HbssBANK0                  bssBANK0     000000
__HbssBANK1                  bssBANK1     000000
__Hcinit                     cinit        000000
__Hclrtext                   clrtext      000000
__Hcomram                    comram       000000
__Hconfig                    config       30000C
__Hconst                     const        000000
__HcstackBANK0               cstackBANK0  000000
__HcstackBANK1               cstackBANK1  000000
__HcstackCOMRAM              cstackCOMRAM 000000
__Hdata                      data         000000
__HdataBANK0                 dataBANK0    000000
__Heeprom_data               eeprom_data  000000
__Hfarbss                    farbss       000000
__Hfardata                   fardata      000000
__Hibigdata                  ibigdata     000000
__Hidata                     idata        000000
__HidataBANK0                idataBANK0   000000
__Hidloc                     idloc        200010
__Hifardata                  ifardata     000000
__Hinit                      init         000148
__Hintcode                   intcode      000144
__Hintcode_body              intcode_body 000000
__Hintcodelo                 intcodelo    000144
__Hintentry                  intentry     000000
__Hintret                    intret       000000
__Hintsave_regs              intsave_regs 000000
__Hirdata                    irdata       000000
__Hmediumconst               mediumconst  000000
__HnvFARRAM                  nvFARRAM     000000
__Hnvbit                     nvbit        000000
__Hnvrram                    nvrram       000000
__Hparam                     rparam       000000
__Hpowerup                   powerup      000144
__Hram                       ram          000000
__Hramtop                    ramtop       000F00
__Hrbit                      rbit         000000
__Hrbss                      rbss         000000
__Hrdata                     rdata        000000
__Hreset_vec                 reset_vec    000004
__Hrparam                    rparam       000000
__Hsfr                       sfr          000000
__Hsmallconst                smallconst   000F3A
__Hspace_0                   (abs)        003824
__Hspace_1                   (abs)        00010A
__Hspace_2                   (abs)        000000
__Hspace_4                   (abs)        60000C
__Hstack                     stack        000000
__Hstruct                    struct       000000
__Htemp                      temp         000060
__Htext                      text         000000
__Htext0                     text0        000000
__Htext1                     text1        000000
__Htext10                    text10       000000
__Htext12                    text12       000000
__Htext13                    text13       000000
__Htext14                    text14       000000
__Htext15                    text15       000000
__Htext16                    text16       000000
__Htext17                    text17       000000
__Htext18                    text18       000000
__Htext19                    text19       000000
__Htext2                     text2        000000
__Htext20                    text20       000000
__Htext21                    text21       000000
__Htext22                    text22       000000
__Htext23                    text23       000000
__Htext24                    text24       000000
__Htext25                    text25       000000
__Htext3                     text3        000000
__Htext4                     text4        000000
__Htext5                     text5        000000
__Htext6                     text6        000000
__Htext7                     text7        000000
__Htext8                     text8        000000
__Htext9                     text9        000000
__LRAM                       (abs)        000001
__Labs1                      abs1         000000
__Lbank0                     bank0        000000
__Lbank1                     bank1        000000
__Lbank10                    bank10       000000
__Lbank11                    bank11       000000
__Lbank12                    bank12       000000
__Lbank13                    bank13       000000
__Lbank14                    bank14       000000
__Lbank2                     bank2        000000
__Lbank3                     bank3        000000
__Lbank4                     bank4        000000
__Lbank5                     bank5        000000
__Lbank6                     bank6        000000
__Lbank7                     bank7        000000
__Lbank8                     bank8        000000
__Lbank9                     bank9        000000
__Lbigbss                    bigbss       000000
__Lbigdata                   bigdata      000000
__Lbigram                    bigram       000000
__Lbss                       bss          000000
__LbssBANK0                  bssBANK0     000000
__LbssBANK1                  bssBANK1     000000
__Lcinit                     cinit        000000
__Lclrtext                   clrtext      000000
__Lcomram                    comram       000000
__Lconfig                    config       000000
__Lconst                     const        000000
__LcstackBANK0               cstackBANK0  000000
__LcstackBANK1               cstackBANK1  000000
__LcstackCOMRAM              cstackCOMRAM 000000
__Ldata                      data         000000
__LdataBANK0                 dataBANK0    000000
__Leeprom_data               eeprom_data  000000
__Lfarbss                    farbss       000000
__Lfardata                   fardata      000000
__Libigdata                  ibigdata     000000
__Lidata                     idata        000000
__LidataBANK0                idataBANK0   000000
__Lidloc                     idloc        000000
__Lifardata                  ifardata     000000
__Linit                      init         000144
__Lintcode                   intcode      000008
__Lintcode_body              intcode_body 000000
__Lintcodelo                 intcodelo    000144
__Lintentry                  intentry     000000
__Lintret                    intret       000000
__Lintsave_regs              intsave_regs 000000
__Lirdata                    irdata       000000
__Lmediumconst               mediumconst  000000
__LnvFARRAM                  nvFARRAM     000000
__Lnvbit                     nvbit        000000
__Lnvrram                    nvrram       000000
__Lparam                     rparam       000000
__Lpowerup                   powerup      000144
__Lram                       ram          000000
__Lramtop                    ramtop       000F00
__Lrbit                      rbit         000000
__Lrbss                      rbss         000000
__Lrdata                     rdata        000000
__Lreset_vec                 reset_vec    000000
__Lrparam                    rparam       000000
__Lsfr                       sfr          000000
__Lsmallconst                smallconst   000F00
__Lspace_0                   (abs)        000000
__Lspace_1                   (abs)        000000
__Lspace_2                   (abs)        000000
__Lspace_4                   (abs)        000000
__Lstack                     stack        000000
__Lstruct                    struct       000000
__Ltemp                      temp         00005F
__Ltext                      text         000000
__Ltext0                     text0        000000
__Ltext1                     text1        000000
__Ltext10                    text10       000000
__Ltext12                    text12       000000
__Ltext13                    text13       000000
__Ltext14                    text14       000000
__Ltext15                    text15       000000
__Ltext16                    text16       000000
__Ltext17                    text17       000000
__Ltext18                    text18       000000
__Ltext19                    text19       000000
__Ltext2                     text2        000000
__Ltext20                    text20       000000
__Ltext21                    text21       000000
__Ltext22                    text22       000000
__Ltext23                    text23       000000
__Ltext24                    text24       000000
__Ltext25                    text25       000000
__Ltext3                     text3        000000
__Ltext4                     text4        000000
__Ltext5                     text5        000000
__Ltext6                     text6        000000
__Ltext7                     text7        000000
__Ltext8                     text8        000000
__Ltext9                     text9        000000
__S0                         (abs)        003824
__S1                         (abs)        00010A
__S2                         (abs)        000000
__S4                         (abs)        000000
__S5                         (abs)        000000
___awdiv                     text15       0034C2
___awdiv@counter             cstackCOMRAM 000005
___awdiv@dividend            cstackCOMRAM 000001
___awdiv@divisor             cstackCOMRAM 000003
___awdiv@quotient            cstackCOMRAM 000007
___awdiv@sign                cstackCOMRAM 000006
___fladd                     text22       00207A
___fladd@a                   cstackCOMRAM 000045
___fladd@aexp                cstackCOMRAM 00004E
___fladd@b                   cstackCOMRAM 000041
___fladd@bexp                cstackCOMRAM 00004F
___fladd@grs                 cstackCOMRAM 000050
___fladd@signs               cstackCOMRAM 00004D
___fldiv                     text24       002964
___fldiv@a                   cstackCOMRAM 000013
___fldiv@aexp                cstackCOMRAM 000027
___fldiv@b                   cstackCOMRAM 00000F
___fldiv@bexp                cstackCOMRAM 000026
___fldiv@grs                 cstackCOMRAM 000022
___fldiv@new_exp             cstackCOMRAM 000020
___fldiv@rem                 cstackCOMRAM 00001B
___fldiv@sign                cstackCOMRAM 00001F
___flge                      text14       0033BE
___flge@ff1                  cstackCOMRAM 000001
___flge@ff2                  cstackCOMRAM 000005
___flmul                     text23       00253A
___flmul@a                   cstackCOMRAM 00002C
___flmul@aexp                cstackCOMRAM 000039
___flmul@b                   cstackCOMRAM 000028
___flmul@bexp                cstackCOMRAM 00003A
___flmul@grs                 cstackCOMRAM 000035
___flmul@prod                cstackCOMRAM 00003B
___flmul@sign                cstackCOMRAM 000034
___flmul@temp                cstackCOMRAM 00003F
___flsub                     text21       003686
___flsub@a                   cstackCOMRAM 000055
___flsub@b                   cstackCOMRAM 000051
___fltol                     text25       0032B8
___fltol@exp1                cstackCOMRAM 00005A
___fltol@f1                  cstackCOMRAM 000051
___fltol@sign1               cstackCOMRAM 000059
___inthi_sp                  stack        000000
___intlo_sp                  stack        000000
___param_bank                (abs)        000000
___rparam_used               (abs)        000001
___sp                        stack        000000
___xxtofl                    text20       002FB0
___xxtofl@arg                cstackCOMRAM 00000B
___xxtofl@exp                cstackCOMRAM 00000A
___xxtofl@sign               cstackCOMRAM 000009
___xxtofl@val                cstackCOMRAM 000001
__accesstop                  (abs)        000060
__activetblptr               (abs)        000001
__end_of_ADCConfig           text10       003764
__end_of_ADConvert           text9        003804
__end_of_ADToMIDI_DC         text18       0032B8
__end_of_CCP1Config          text8        0037F2
__end_of_Lg1                 smallconst   000F29
__end_of_Lg1@log2f$F2121     smallconst   000F11
__end_of_Lg2                 smallconst   000F25
__end_of_Lg2@log2f$F2122     smallconst   000F0D
__end_of_Lg3                 smallconst   000F21
__end_of_Lg3@log2f$F2123     smallconst   000F09
__end_of_Lg4                 smallconst   000F1D
__end_of_Lg4@log2f$F2124     smallconst   000F05
__end_of_TMR1Config          text7        0037B2
__end_of_TMR1Reset           text17       0037DE
__end_of_TMR3Config          text6        003798
__end_of_TMR3Reset           text16       0037C8
__end_of_ZCDConfig           text5        003814
__end_of_ZCDPriority         text4        003820
__end_of___awdiv             text15       003586
__end_of___fladd             text22       00253A
__end_of___fldiv             text24       002CFE
__end_of___flge              text14       0034C2
__end_of___flmul             text23       002964
__end_of___flsub             text21       0036CC
__end_of___fltol             text25       0033BE
__end_of___xxtofl            text20       003164
__end_of__initialization     cinit        003674
__end_of_configMIDI          text3        00377E
__end_of_general_Interrupts  intcode      000144
__end_of_ivln10hi            smallconst   000F39
__end_of_ivln10lo            smallconst   000F35
__end_of_ivln2hi             smallconst   000F19
__end_of_ivln2lo             smallconst   000F15
__end_of_log10_2hi           smallconst   000F31
__end_of_log10_2lo           smallconst   000F2D
__end_of_log10f              text19       001820
__end_of_log2f               text13       00207A
__end_of_main                text0        00363E
__end_of_sendMIDI_OFF        text2        003748
__end_of_sendMIDI_ON         text1        00370A
__end_of_tempToMIDI          text12       002FB0
__initialization             cinit        00363E
__mediumconst                mediumconst  000000
__pbssBANK0                  bssBANK0     0000D5
__pbssBANK1                  bssBANK1     000106
__pcinit                     cinit        00363E
__pcstackBANK0               cstackBANK0  000060
__pcstackBANK1               cstackBANK1  000100
__pcstackCOMRAM              cstackCOMRAM 000001
__pdataBANK0                 dataBANK0    0000F7
__pidataBANK0                idataBANK0   003820
__pintcode                   intcode      000008
__psmallconst                smallconst   000F00
__ptext0                     text0        003586
__ptext1                     text1        0036CC
__ptext10                    text10       003748
__ptext12                    text12       002CFE
__ptext13                    text13       001820
__ptext14                    text14       0033BE
__ptext15                    text15       0034C2
__ptext16                    text16       0037B2
__ptext17                    text17       0037C8
__ptext18                    text18       003164
__ptext19                    text19       000F3A
__ptext2                     text2        00370A
__ptext20                    text20       002FB0
__ptext21                    text21       003686
__ptext22                    text22       00207A
__ptext23                    text23       00253A
__ptext24                    text24       002964
__ptext25                    text25       0032B8
__ptext3                     text3        003764
__ptext4                     text4        003814
__ptext5                     text5        003804
__ptext6                     text6        00377E
__ptext7                     text7        003798
__ptext8                     text8        0037DE
__ptext9                     text9        0037F2
__ramtop                     ramtop       000F00
__size_of_ADCConfig          (abs)        000000
__size_of_ADConvert          (abs)        000000
__size_of_ADToMIDI_DC        (abs)        000000
__size_of_CCP1Config         (abs)        000000
__size_of_TMR1Config         (abs)        000000
__size_of_TMR1Reset          (abs)        000000
__size_of_TMR3Config         (abs)        000000
__size_of_TMR3Reset          (abs)        000000
__size_of_ZCDConfig          (abs)        000000
__size_of_ZCDPriority        (abs)        000000
__size_of___awdiv            (abs)        000000
__size_of___fladd            (abs)        000000
__size_of___fldiv            (abs)        000000
__size_of___flge             (abs)        000000
__size_of___flmul            (abs)        000000
__size_of___flsub            (abs)        000000
__size_of___fltol            (abs)        000000
__size_of___xxtofl           (abs)        000000
__size_of_configMIDI         (abs)        000000
__size_of_general_Interrupts (abs)        000000
__size_of_log10f             (abs)        000000
__size_of_log2f              (abs)        000000
__size_of_main               (abs)        000000
__size_of_sendMIDI_OFF       (abs)        000000
__size_of_sendMIDI_ON        (abs)        000000
__size_of_tempToMIDI         (abs)        000000
__smallconst                 smallconst   000F00
_atChannel                   bssBANK0     0000E9
_atNote                      bssBANK1     000106
_atPitchL                    bssBANK0     0000EB
_atPitchM                    bssBANK0     0000ED
_aux                         bssBANK0     0000E5
_compTime                    dataBANK0    0000F9
_configMIDI                  text3        003764
_cont                        bssBANK0     0000EF
_general_Interrupts          intcode      000008
_log10f                      text19       000F3A
_log10f$2340                 cstackBANK0  0000A4
_log10f$2341                 cstackBANK0  000072
_log10f$2342                 cstackBANK0  000076
_log10f$2343                 cstackBANK0  000090
_log10f$2344                 cstackBANK0  00007A
_log10f$2345                 cstackBANK0  00007E
_log10f$2346                 cstackBANK0  000082
_log2f                       text13       001820
_log2f$2347                  cstackBANK0  00009C
_log2f$2348                  cstackBANK0  000072
_log2f$2349                  cstackBANK0  000076
_log2f$2350                  cstackBANK0  000088
_log2f$2351                  cstackBANK0  00007A
_log2f$2352                  cstackBANK0  00007E
_main                        text0        003586
_midiChannel                 bssBANK1     000108
_midiNote                    bssBANK0     0000F5
_midiPitchLSB                bssBANK0     0000F1
_midiPitchMSB                bssBANK0     0000F3
_midiVelocity                dataBANK0    0000F7
_pAux                        bssBANK0     0000E7
_sendMIDI_OFF                text2        00370A
_sendMIDI_ON                 text1        0036CC
_temp                        bssBANK0     0000E1
_tempToMIDI                  text12       002CFE
_tempToMIDI$2332             cstackBANK0  0000BA
_tempToMIDI$2333             cstackBANK0  0000BE
btemp                        temp         00005F
end_of_initialization        cinit        003674
fabsf@F463                   bssBANK0     0000DD
int$flags                    temp         00005F
intlevel0                    text         000000
intlevel1                    text         000000
intlevel2                    text         000000
intlevel3                    text         000000
log10f@F471                  bssBANK0     0000D9
log10f@R                     cstackBANK0  000066
log10f@dk                    cstackBANK0  000088
log10f@f                     cstackBANK0  0000B0
log10f@hfsq                  cstackBANK0  000094
log10f@hi                    cstackBANK0  0000A8
log10f@ix                    cstackBANK0  0000B4
log10f@k                     cstackBANK0  000086
log10f@lo                    cstackBANK0  00008C
log10f@s                     cstackBANK0  000098
log10f@t1                    cstackBANK0  00006A
log10f@t2                    cstackBANK0  00006E
log10f@u                     cstackBANK0  0000AC
log10f@w                     cstackBANK0  0000A0
log10f@x                     cstackCOMRAM 000059
log10f@z                     cstackBANK0  00009C
log2f@F469                   bssBANK0     0000D5
log2f@R                      cstackBANK0  000066
log2f@f                      cstackBANK0  0000A8
log2f@hfsq                   cstackBANK0  00008C
log2f@hi                     cstackBANK0  0000A0
log2f@ix                     cstackBANK0  0000AC
log2f@k                      cstackBANK0  000082
log2f@lo                     cstackBANK0  000084
log2f@s                      cstackBANK0  000090
log2f@t1                     cstackBANK0  00006A
log2f@t2                     cstackBANK0  00006E
log2f@u                      cstackBANK0  0000A4
log2f@w                      cstackBANK0  000098
log2f@x                      cstackCOMRAM 000059
log2f@z                      cstackBANK0  000094
sendMIDI_OFF@ch              cstackBANK1  000100
sendMIDI_OFF@note            cstackBANK1  000102
sendMIDI_OFF@velocity        cstackBANK1  000104
sendMIDI_ON@ch               cstackBANK1  000100
sendMIDI_ON@note             cstackBANK1  000102
sendMIDI_ON@velocity         cstackBANK1  000104
stackhi                      (abs)        000E87
stacklo                      (abs)        00010A
start                        init         000144
start_initialization         cinit        00363E
tempToMIDI@mNote             cstackBANK0  0000C8
tempToMIDI@mPitchLSB         cstackBANK0  0000C6
tempToMIDI@mPitchMSB         cstackBANK0  0000CA
tempToMIDI@note              cstackBANK0  0000B0
tempToMIDI@pError            cstackBANK0  0000CC
tempToMIDI@pitchL            cstackBANK0  0000B4
tempToMIDI@pitchM            cstackBANK0  0000B2
tempToMIDI@temp              cstackBANK0  0000B6
tempToMIDI@tone              cstackBANK0  0000C2
ttemp5                       temp         000060
ttemp6                       temp         000063
ttemp7                       temp         000067
wtemp8                       temp         000060


FUNCTION INFORMATION:

 *************** function _main *****************
 Defined at:
		line 179 in file "zerocross_main.c"
 Parameters:    Size  Location     Type
		None
 Auto vars:     Size  Location     Type
		None
 Return value:  Size  Location     Type
                  1    wreg      void 
 Registers used:
		wreg, status,2, status,0, cstack
 Tracked objects:
		On entry : 
		On exit  : 
		Unchanged: 
 Data sizes:     COMRAM   BANK0   BANK1   BANK2   BANK3   BANK4   BANK5   BANK6   BANK7   BANK8   BANK9  BANK10  BANK11  BANK12  BANK13  BANK14
      Params:         0       0       0       0       0       0       0       0       0       0       0       0       0       0       0       0
      Locals:         0       0       0       0       0       0       0       0       0       0       0       0       0       0       0       0
      Temps:          0       0       0       0       0       0       0       0       0       0       0       0       0       0       0       0
      Totals:         0       0       0       0       0       0       0       0       0       0       0       0       0       0       0       0
Total ram usage:        0 bytes
 Hardware stack levels required when called:    6
 This function calls:
		_ADCConfig
		_ADConvert
		_CCP1Config
		_TMR1Config
		_TMR3Config
		_ZCDConfig
		_ZCDPriority
		_configMIDI
		_sendMIDI_OFF
		_sendMIDI_ON
 This function is called by:
		Startup code after reset
 This function uses a non-reentrant model


 *************** function _sendMIDI_ON *****************
 Defined at:
		line 132 in file "MIDI.c"
 Parameters:    Size  Location     Type
  ch              2    0[BANK1 ] int 
  note            2    2[BANK1 ] int 
  velocity        2    4[BANK1 ] int 
 Auto vars:     Size  Location     Type
		None
 Return value:  Size  Location     Type
                  1    wreg      void 
 Registers used:
		wreg, status,2, status,0
 Tracked objects:
		On entry : 
		On exit  : 
		Unchanged: 
 Data sizes:     COMRAM   BANK0   BANK1   BANK2   BANK3   BANK4   BANK5   BANK6   BANK7   BANK8   BANK9  BANK10  BANK11  BANK12  BANK13  BANK14
      Params:         0       0       6       0       0       0       0       0       0       0       0       0       0       0       0       0
      Locals:         0       0       0       0       0       0       0       0       0       0       0       0       0       0       0       0
      Temps:          0       0       0       0       0       0       0       0       0       0       0       0       0       0       0       0
      Totals:         0       0       6       0       0       0       0       0       0       0       0       0       0       0       0       0
Total ram usage:        6 bytes
 Hardware stack levels used:    1
 Hardware stack levels required when called:    5
 This function calls:
		Nothing
 This function is called by:
		_main
 This function uses a non-reentrant model


 *************** function _sendMIDI_OFF *****************
 Defined at:
		line 142 in file "MIDI.c"
 Parameters:    Size  Location     Type
  ch              2    0[BANK1 ] int 
  note            2    2[BANK1 ] int 
  velocity        2    4[BANK1 ] int 
 Auto vars:     Size  Location     Type
		None
 Return value:  Size  Location     Type
                  1    wreg      void 
 Registers used:
		wreg, status,2, status,0
 Tracked objects:
		On entry : 
		On exit  : 
		Unchanged: 
 Data sizes:     COMRAM   BANK0   BANK1   BANK2   BANK3   BANK4   BANK5   BANK6   BANK7   BANK8   BANK9  BANK10  BANK11  BANK12  BANK13  BANK14
      Params:         0       0       6       0       0       0       0       0       0       0       0       0       0       0       0       0
      Locals:         0       0       0       0       0       0       0       0       0       0       0       0       0       0       0       0
      Temps:          0       0       0       0       0       0       0       0       0       0       0       0       0       0       0       0
      Totals:         0       0       6       0       0       0       0       0       0       0       0       0       0       0       0       0
Total ram usage:        6 bytes
 Hardware stack levels used:    1
 Hardware stack levels required when called:    5
 This function calls:
		Nothing
 This function is called by:
		_main
 This function uses a non-reentrant model


 *************** function _configMIDI *****************
 Defined at:
		line 162 in file "MIDI.c"
 Parameters:    Size  Location     Type
		None
 Auto vars:     Size  Location     Type
		None
 Return value:  Size  Location     Type
                  1    wreg      void 
 Registers used:
		wreg, status,2
 Tracked objects:
		On entry : 
		On exit  : 
		Unchanged: 
 Data sizes:     COMRAM   BANK0   BANK1   BANK2   BANK3   BANK4   BANK5   BANK6   BANK7   BANK8   BANK9  BANK10  BANK11  BANK12  BANK13  BANK14
      Params:         0       0       0       0       0       0       0       0       0       0       0       0       0       0       0       0
      Locals:         0       0       0       0       0       0       0       0       0       0       0       0       0       0       0       0
      Temps:          0       0       0       0       0       0       0       0       0       0       0       0       0       0       0       0
      Totals:         0       0       0       0       0       0       0       0       0       0       0       0       0       0       0       0
Total ram usage:        0 bytes
 Hardware stack levels used:    1
 Hardware stack levels required when called:    5
 This function calls:
		Nothing
 This function is called by:
		_main
 This function uses a non-reentrant model


 *************** function _ZCDPriority *****************
 Defined at:
		line 18 in file "ZCD.c"
 Parameters:    Size  Location     Type
		None
 Auto vars:     Size  Location     Type
		None
 Return value:  Size  Location     Type
                  1    wreg      void 
 Registers used:
		None
 Tracked objects:
		On entry : 
		On exit  : 
		Unchanged: 
 Data sizes:     COMRAM   BANK0   BANK1   BANK2   BANK3   BANK4   BANK5   BANK6   BANK7   BANK8   BANK9  BANK10  BANK11  BANK12  BANK13  BANK14
      Params:         0       0       0       0       0       0       0       0       0       0       0       0       0       0       0       0
      Locals:         0       0       0       0       0       0       0       0       0       0       0       0       0       0       0       0
      Temps:          0       0       0       0       0       0       0       0       0       0       0       0       0       0       0       0
      Totals:         0       0       0       0       0       0       0       0       0       0       0       0       0       0       0       0
Total ram usage:        0 bytes
 Hardware stack levels used:    1
 Hardware stack levels required when called:    5
 This function calls:
		Nothing
 This function is called by:
		_main
 This function uses a non-reentrant model


 *************** function _ZCDConfig *****************
 Defined at:
		line 5 in file "ZCD.c"
 Parameters:    Size  Location     Type
		None
 Auto vars:     Size  Location     Type
		None
 Return value:  Size  Location     Type
                  1    wreg      void 
 Registers used:
		None
 Tracked objects:
		On entry : 
		On exit  : 
		Unchanged: 
 Data sizes:     COMRAM   BANK0   BANK1   BANK2   BANK3   BANK4   BANK5   BANK6   BANK7   BANK8   BANK9  BANK10  BANK11  BANK12  BANK13  BANK14
      Params:         0       0       0       0       0       0       0       0       0       0       0       0       0       0       0       0
      Locals:         0       0       0       0       0       0       0       0       0       0       0       0       0       0       0       0
      Temps:          0       0       0       0       0       0       0       0       0       0       0       0       0       0       0       0
      Totals:         0       0       0       0       0       0       0       0       0       0       0       0       0       0       0       0
Total ram usage:        0 bytes
 Hardware stack levels used:    1
 Hardware stack levels required when called:    5
 This function calls:
		Nothing
 This function is called by:
		_main
 This function uses a non-reentrant model


 *************** function _TMR3Config *****************
 Defined at:
		line 39 in file "TimerConfig.c"
 Parameters:    Size  Location     Type
		None
 Auto vars:     Size  Location     Type
		None
 Return value:  Size  Location     Type
                  1    wreg      void 
 Registers used:
		wreg, status,2
 Tracked objects:
		On entry : 
		On exit  : 
		Unchanged: 
 Data sizes:     COMRAM   BANK0   BANK1   BANK2   BANK3   BANK4   BANK5   BANK6   BANK7   BANK8   BANK9  BANK10  BANK11  BANK12  BANK13  BANK14
      Params:         0       0       0       0       0       0       0       0       0       0       0       0       0       0       0       0
      Locals:         0       0       0       0       0       0       0       0       0       0       0       0       0       0       0       0
      Temps:          0       0       0       0       0       0       0       0       0       0       0       0       0       0       0       0
      Totals:         0       0       0       0       0       0       0       0       0       0       0       0       0       0       0       0
Total ram usage:        0 bytes
 Hardware stack levels used:    1
 Hardware stack levels required when called:    5
 This function calls:
		Nothing
 This function is called by:
		_main
 This function uses a non-reentrant model


 *************** function _TMR1Config *****************
 Defined at:
		line 22 in file "TimerConfig.c"
 Parameters:    Size  Location     Type
		None
 Auto vars:     Size  Location     Type
		None
 Return value:  Size  Location     Type
                  1    wreg      void 
 Registers used:
		wreg, status,2
 Tracked objects:
		On entry : 
		On exit  : 
		Unchanged: 
 Data sizes:     COMRAM   BANK0   BANK1   BANK2   BANK3   BANK4   BANK5   BANK6   BANK7   BANK8   BANK9  BANK10  BANK11  BANK12  BANK13  BANK14
      Params:         0       0       0       0       0       0       0       0       0       0       0       0       0       0       0       0
      Locals:         0       0       0       0       0       0       0       0       0       0       0       0       0       0       0       0
      Temps:          0       0       0       0       0       0       0       0       0       0       0       0       0       0       0       0
      Totals:         0       0       0       0       0       0       0       0       0       0       0       0       0       0       0       0
Total ram usage:        0 bytes
 Hardware stack levels used:    1
 Hardware stack levels required when called:    5
 This function calls:
		Nothing
 This function is called by:
		_main
 This function uses a non-reentrant model


 *************** function _CCP1Config *****************
 Defined at:
		line 56 in file "TimerConfig.c"
 Parameters:    Size  Location     Type
		None
 Auto vars:     Size  Location     Type
		None
 Return value:  Size  Location     Type
                  1    wreg      void 
 Registers used:
		wreg, status,2
 Tracked objects:
		On entry : 
		On exit  : 
		Unchanged: 
 Data sizes:     COMRAM   BANK0   BANK1   BANK2   BANK3   BANK4   BANK5   BANK6   BANK7   BANK8   BANK9  BANK10  BANK11  BANK12  BANK13  BANK14
      Params:         0       0       0       0       0       0       0       0       0       0       0       0       0       0       0       0
      Locals:         0       0       0       0       0       0       0       0       0       0       0       0       0       0       0       0
      Temps:          0       0       0       0       0       0       0       0       0       0       0       0       0       0       0       0
      Totals:         0       0       0       0       0       0       0       0       0       0       0       0       0       0       0       0
Total ram usage:        0 bytes
 Hardware stack levels used:    1
 Hardware stack levels required when called:    5
 This function calls:
		Nothing
 This function is called by:
		_main
 This function uses a non-reentrant model


 *************** function _ADConvert *****************
 Defined at:
		line 32 in file "ADC.c"
 Parameters:    Size  Location     Type
		None
 Auto vars:     Size  Location     Type
		None
 Return value:  Size  Location     Type
                  1    wreg      void 
 Registers used:
		None
 Tracked objects:
		On entry : 
		On exit  : 
		Unchanged: 
 Data sizes:     COMRAM   BANK0   BANK1   BANK2   BANK3   BANK4   BANK5   BANK6   BANK7   BANK8   BANK9  BANK10  BANK11  BANK12  BANK13  BANK14
      Params:         0       0       0       0       0       0       0       0       0       0       0       0       0       0       0       0
      Locals:         0       0       0       0       0       0       0       0       0       0       0       0       0       0       0       0
      Temps:          0       0       0       0       0       0       0       0       0       0       0       0       0       0       0       0
      Totals:         0       0       0       0       0       0       0       0       0       0       0       0       0       0       0       0
Total ram usage:        0 bytes
 Hardware stack levels used:    1
 Hardware stack levels required when called:    5
 This function calls:
		Nothing
 This function is called by:
		_main
 This function uses a non-reentrant model


 *************** function _ADCConfig *****************
 Defined at:
		line 5 in file "ADC.c"
 Parameters:    Size  Location     Type
		None
 Auto vars:     Size  Location     Type
		None
 Return value:  Size  Location     Type
                  1    wreg      void 
 Registers used:
		wreg, status,2
 Tracked objects:
		On entry : 
		On exit  : 
		Unchanged: 
 Data sizes:     COMRAM   BANK0   BANK1   BANK2   BANK3   BANK4   BANK5   BANK6   BANK7   BANK8   BANK9  BANK10  BANK11  BANK12  BANK13  BANK14
      Params:         0       0       0       0       0       0       0       0       0       0       0       0       0       0       0       0
      Locals:         0       0       0       0       0       0       0       0       0       0       0       0       0       0       0       0
      Temps:          0       0       0       0       0       0       0       0       0       0       0       0       0       0       0       0
      Totals:         0       0       0       0       0       0       0       0       0       0       0       0       0       0       0       0
Total ram usage:        0 bytes
 Hardware stack levels used:    1
 Hardware stack levels required when called:    5
 This function calls:
		Nothing
 This function is called by:
		_main
 This function uses a non-reentrant model


 *************** function _general_Interrupts *****************
 Defined at:
		line 118 in file "zerocross_main.c"
 Parameters:    Size  Location     Type
		None
 Auto vars:     Size  Location     Type
		None
 Return value:  Size  Location     Type
                  1    wreg      void 
 Registers used:
		wreg, fsr2l, fsr2h, status,2, status,0, prodl, prodh, cstack
 Tracked objects:
		On entry : 
		On exit  : 
		Unchanged: 
 Data sizes:     COMRAM   BANK0   BANK1   BANK2   BANK3   BANK4   BANK5   BANK6   BANK7   BANK8   BANK9  BANK10  BANK11  BANK12  BANK13  BANK14
      Params:         0       0       0       0       0       0       0       0       0       0       0       0       0       0       0       0
      Locals:         0       0       0       0       0       0       0       0       0       0       0       0       0       0       0       0
      Temps:          0       5       0       0       0       0       0       0       0       0       0       0       0       0       0       0
      Totals:         0       5       0       0       0       0       0       0       0       0       0       0       0       0       0       0
Total ram usage:        5 bytes
 Hardware stack levels used:    1
 Hardware stack levels required when called:    4
 This function calls:
		_ADToMIDI_DC
		_TMR1Reset
		_TMR3Reset
		___fldiv
		___xxtofl
		_tempToMIDI
 This function is called by:
		Interrupt level 2
 This function uses a non-reentrant model


 *************** function _tempToMIDI *****************
 Defined at:
		line 7 in file "MIDI.c"
 Parameters:    Size  Location     Type
  note            2   80[BANK0 ] PTR int 
		 -> midiNote(2), 
  pitchM          2   82[BANK0 ] PTR int 
		 -> midiPitchMSB(2), 
  pitchL          2   84[BANK0 ] PTR int 
		 -> midiPitchLSB(2), 
  temp            4   86[BANK0 ] PTR int 
 Auto vars:     Size  Location     Type
  pError          4  108[BANK0 ] float 
  tone            4   98[BANK0 ] float 
  mPitchMSB       2  106[BANK0 ] int 
  mNote           2  104[BANK0 ] int 
  mPitchLSB       2  102[BANK0 ] int 
 Return value:  Size  Location     Type
                  1    wreg      void 
 Registers used:
		wreg, fsr2l, fsr2h, status,2, status,0, prodl, prodh, cstack
 Tracked objects:
		On entry : 
		On exit  : 
		Unchanged: 
 Data sizes:     COMRAM   BANK0   BANK1   BANK2   BANK3   BANK4   BANK5   BANK6   BANK7   BANK8   BANK9  BANK10  BANK11  BANK12  BANK13  BANK14
      Params:         0      10       0       0       0       0       0       0       0       0       0       0       0       0       0       0
      Locals:         0      22       0       0       0       0       0       0       0       0       0       0       0       0       0       0
      Temps:          0       0       0       0       0       0       0       0       0       0       0       0       0       0       0       0
      Totals:         0      32       0       0       0       0       0       0       0       0       0       0       0       0       0       0
Total ram usage:       32 bytes
 Hardware stack levels used:    1
 Hardware stack levels required when called:    3
 This function calls:
		___awdiv
		___fladd
		___fldiv
		___flge
		___flmul
		___flsub
		___fltol
		___xxtofl
		_log2f
 This function is called by:
		_general_Interrupts
 This function uses a non-reentrant model


 *************** function _log2f *****************
 Defined at:
		line 28 in file "C:\Program Files\Microchip\xc8\v2.20\pic\sources\c99\common\log2f.c"
 Parameters:    Size  Location     Type
  x               4   88[COMRAM] float 
 Auto vars:     Size  Location     Type
  ix              4   76[BANK0 ] unsigned long 
  f               4   72[BANK0 ] float 
  u               4   68[BANK0 ] struct .
  hi              4   64[BANK0 ] float 
  w               4   56[BANK0 ] float 
  z               4   52[BANK0 ] float 
  s               4   48[BANK0 ] float 
  hfsq            4   44[BANK0 ] float 
  lo              4   36[BANK0 ] float 
  t2              4   14[BANK0 ] float 
  t1              4   10[BANK0 ] float 
  R               4    6[BANK0 ] float 
  k               2   34[BANK0 ] int 
 Return value:  Size  Location     Type
                  4   88[COMRAM] float 
 Registers used:
		wreg, status,2, status,0, prodl, prodh, cstack
 Tracked objects:
		On entry : 
		On exit  : 
		Unchanged: 
 Data sizes:     COMRAM   BANK0   BANK1   BANK2   BANK3   BANK4   BANK5   BANK6   BANK7   BANK8   BANK9  BANK10  BANK11  BANK12  BANK13  BANK14
      Params:         4       0       0       0       0       0       0       0       0       0       0       0       0       0       0       0
      Locals:         0      74       0       0       0       0       0       0       0       0       0       0       0       0       0       0
      Temps:          0       6       0       0       0       0       0       0       0       0       0       0       0       0       0       0
      Totals:         4      80       0       0       0       0       0       0       0       0       0       0       0       0       0       0
Total ram usage:       84 bytes
 Hardware stack levels used:    1
 Hardware stack levels required when called:    2
 This function calls:
		___fladd
		___fldiv
		___flmul
		___flsub
		___xxtofl
 This function is called by:
		_tempToMIDI
		_freqToMIDI
 This function uses a non-reentrant model


 *************** function ___flge *****************
 Defined at:
		line 4 in file "C:\Program Files\Microchip\xc8\v2.20\pic\sources\c99\common\flge.c"
 Parameters:    Size  Location     Type
  ff1             4    0[COMRAM] float 
  ff2             4    4[COMRAM] float 
 Auto vars:     Size  Location     Type
		None
 Return value:  Size  Location     Type
		None               void
 Registers used:
		wreg, status,2, status,0
 Tracked objects:
		On entry : 
		On exit  : 
		Unchanged: 
 Data sizes:     COMRAM   BANK0   BANK1   BANK2   BANK3   BANK4   BANK5   BANK6   BANK7   BANK8   BANK9  BANK10  BANK11  BANK12  BANK13  BANK14
      Params:         8       0       0       0       0       0       0       0       0       0       0       0       0       0       0       0
      Locals:         0       0       0       0       0       0       0       0       0       0       0       0       0       0       0       0
      Temps:          4       0       0       0       0       0       0       0       0       0       0       0       0       0       0       0
      Totals:        12       0       0       0       0       0       0       0       0       0       0       0       0       0       0       0
Total ram usage:       12 bytes
 Hardware stack levels used:    1
 This function calls:
		Nothing
 This function is called by:
		_tempToMIDI
		_freqToMIDI
 This function uses a non-reentrant model


 *************** function ___awdiv *****************
 Defined at:
		line 7 in file "C:\Program Files\Microchip\xc8\v2.20\pic\sources\c99\common\awdiv.c"
 Parameters:    Size  Location     Type
  dividend        2    0[COMRAM] int 
  divisor         2    2[COMRAM] int 
 Auto vars:     Size  Location     Type
  quotient        2    6[COMRAM] int 
  sign            1    5[COMRAM] unsigned char 
  counter         1    4[COMRAM] unsigned char 
 Return value:  Size  Location     Type
                  2    0[COMRAM] int 
 Registers used:
		wreg, status,2, status,0
 Tracked objects:
		On entry : 
		On exit  : 
		Unchanged: 
 Data sizes:     COMRAM   BANK0   BANK1   BANK2   BANK3   BANK4   BANK5   BANK6   BANK7   BANK8   BANK9  BANK10  BANK11  BANK12  BANK13  BANK14
      Params:         4       0       0       0       0       0       0       0       0       0       0       0       0       0       0       0
      Locals:         4       0       0       0       0       0       0       0       0       0       0       0       0       0       0       0
      Temps:          0       0       0       0       0       0       0       0       0       0       0       0       0       0       0       0
      Totals:         8       0       0       0       0       0       0       0       0       0       0       0       0       0       0       0
Total ram usage:        8 bytes
 Hardware stack levels used:    1
 This function calls:
		Nothing
 This function is called by:
		_tempToMIDI
		_freqToMIDI
 This function uses a non-reentrant model


 *************** function _TMR3Reset *****************
 Defined at:
		line 48 in file "TimerConfig.c"
 Parameters:    Size  Location     Type
		None
 Auto vars:     Size  Location     Type
		None
 Return value:  Size  Location     Type
                  1    wreg      void 
 Registers used:
		wreg, status,2
 Tracked objects:
		On entry : 
		On exit  : 
		Unchanged: 
 Data sizes:     COMRAM   BANK0   BANK1   BANK2   BANK3   BANK4   BANK5   BANK6   BANK7   BANK8   BANK9  BANK10  BANK11  BANK12  BANK13  BANK14
      Params:         0       0       0       0       0       0       0       0       0       0       0       0       0       0       0       0
      Locals:         0       0       0       0       0       0       0       0       0       0       0       0       0       0       0       0
      Temps:          0       0       0       0       0       0       0       0       0       0       0       0       0       0       0       0
      Totals:         0       0       0       0       0       0       0       0       0       0       0       0       0       0       0       0
Total ram usage:        0 bytes
 Hardware stack levels used:    1
 This function calls:
		Nothing
 This function is called by:
		_general_Interrupts
 This function uses a non-reentrant model


 *************** function _TMR1Reset *****************
 Defined at:
		line 31 in file "TimerConfig.c"
 Parameters:    Size  Location     Type
		None
 Auto vars:     Size  Location     Type
		None
 Return value:  Size  Location     Type
                  1    wreg      void 
 Registers used:
		wreg, status,2
 Tracked objects:
		On entry : 
		On exit  : 
		Unchanged: 
 Data sizes:     COMRAM   BANK0   BANK1   BANK2   BANK3   BANK4   BANK5   BANK6   BANK7   BANK8   BANK9  BANK10  BANK11  BANK12  BANK13  BANK14
      Params:         0       0       0       0       0       0       0       0       0       0       0       0       0       0       0       0
      Locals:         0       0       0       0       0       0       0       0       0       0       0       0       0       0       0       0
      Temps:          0       0       0       0       0       0       0       0       0       0       0       0       0       0       0       0
      Totals:         0       0       0       0       0       0       0       0       0       0       0       0       0       0       0       0
Total ram usage:        0 bytes
 Hardware stack levels used:    1
 This function calls:
		Nothing
 This function is called by:
		_general_Interrupts
 This function uses a non-reentrant model


 *************** function _ADToMIDI_DC *****************
 Defined at:
		line 104 in file "MIDI.c"
 Parameters:    Size  Location     Type
  in              2   92[COMRAM] int 
 Auto vars:     Size  Location     Type
  v               4  100[BANK0 ] float 
  out             2   98[BANK0 ] int 
 Return value:  Size  Location     Type
                  2   92[COMRAM] int 
 Registers used:
		wreg, status,2, status,0, prodl, prodh, cstack
 Tracked objects:
		On entry : 
		On exit  : 
		Unchanged: 
 Data sizes:     COMRAM   BANK0   BANK1   BANK2   BANK3   BANK4   BANK5   BANK6   BANK7   BANK8   BANK9  BANK10  BANK11  BANK12  BANK13  BANK14
      Params:         2       0       0       0       0       0       0       0       0       0       0       0       0       0       0       0
      Locals:         0      14       0       0       0       0       0       0       0       0       0       0       0       0       0       0
      Temps:          0       2       0       0       0       0       0       0       0       0       0       0       0       0       0       0
      Totals:         2      16       0       0       0       0       0       0       0       0       0       0       0       0       0       0
Total ram usage:       18 bytes
 Hardware stack levels used:    1
 Hardware stack levels required when called:    3
 This function calls:
		___fladd
		___fldiv
		___flmul
		___fltol
		___xxtofl
		_log10f
 This function is called by:
		_general_Interrupts
 This function uses a non-reentrant model


 *************** function _log10f *****************
 Defined at:
		line 30 in file "C:\Program Files\Microchip\xc8\v2.20\pic\sources\c99\common\log10f.c"
 Parameters:    Size  Location     Type
  x               4   88[COMRAM] float 
 Auto vars:     Size  Location     Type
  ix              4   84[BANK0 ] unsigned long 
  f               4   80[BANK0 ] float 
  u               4   76[BANK0 ] struct .
  hi              4   72[BANK0 ] float 
  w               4   64[BANK0 ] float 
  z               4   60[BANK0 ] float 
  s               4   56[BANK0 ] float 
  hfsq            4   52[BANK0 ] float 
  lo              4   44[BANK0 ] float 
  dk              4   40[BANK0 ] float 
  t2              4   14[BANK0 ] float 
  t1              4   10[BANK0 ] float 
  R               4    6[BANK0 ] float 
  k               2   38[BANK0 ] int 
 Return value:  Size  Location     Type
                  4   88[COMRAM] float 
 Registers used:
		wreg, status,2, status,0, prodl, prodh, cstack
 Tracked objects:
		On entry : 
		On exit  : 
		Unchanged: 
 Data sizes:     COMRAM   BANK0   BANK1   BANK2   BANK3   BANK4   BANK5   BANK6   BANK7   BANK8   BANK9  BANK10  BANK11  BANK12  BANK13  BANK14
      Params:         4       0       0       0       0       0       0       0       0       0       0       0       0       0       0       0
      Locals:         0      82       0       0       0       0       0       0       0       0       0       0       0       0       0       0
      Temps:          0       6       0       0       0       0       0       0       0       0       0       0       0       0       0       0
      Totals:         4      88       0       0       0       0       0       0       0       0       0       0       0       0       0       0
Total ram usage:       92 bytes
 Hardware stack levels used:    1
 Hardware stack levels required when called:    2
 This function calls:
		___fladd
		___fldiv
		___flmul
		___flsub
		___xxtofl
 This function is called by:
		_ADToMIDI_DC
		_ADToMIDI_AC
 This function uses a non-reentrant model


 *************** function ___xxtofl *****************
 Defined at:
		line 10 in file "C:\Program Files\Microchip\xc8\v2.20\pic\sources\c99\common\xxtofl.c"
 Parameters:    Size  Location     Type
  sign            1    wreg     unsigned char 
  val             4    0[COMRAM] long 
 Auto vars:     Size  Location     Type
  sign            1    8[COMRAM] unsigned char 
  arg             4   10[COMRAM] unsigned long 
  exp             1    9[COMRAM] unsigned char 
 Return value:  Size  Location     Type
                  4    0[COMRAM] unsigned char 
 Registers used:
		wreg, status,2, status,0
 Tracked objects:
		On entry : 
		On exit  : 
		Unchanged: 
 Data sizes:     COMRAM   BANK0   BANK1   BANK2   BANK3   BANK4   BANK5   BANK6   BANK7   BANK8   BANK9  BANK10  BANK11  BANK12  BANK13  BANK14
      Params:         4       0       0       0       0       0       0       0       0       0       0       0       0       0       0       0
      Locals:         6       0       0       0       0       0       0       0       0       0       0       0       0       0       0       0
      Temps:          4       0       0       0       0       0       0       0       0       0       0       0       0       0       0       0
      Totals:        14       0       0       0       0       0       0       0       0       0       0       0       0       0       0       0
Total ram usage:       14 bytes
 Hardware stack levels used:    1
 This function calls:
		Nothing
 This function is called by:
		_general_Interrupts
		_tempToMIDI
		_ADToMIDI_DC
		_log10f
		_log2f
		_freqToMIDI
 This function uses a non-reentrant model


 *************** function ___flsub *****************
 Defined at:
		line 245 in file "C:\Program Files\Microchip\xc8\v2.20\pic\sources\c99\common\sprcadd.c"
 Parameters:    Size  Location     Type
  b               4   80[COMRAM] unsigned char 
  a               4   84[COMRAM] unsigned char 
 Auto vars:     Size  Location     Type
		None
 Return value:  Size  Location     Type
                  4   80[COMRAM] unsigned char 
 Registers used:
		wreg, status,2, status,0, cstack
 Tracked objects:
		On entry : 
		On exit  : 
		Unchanged: 
 Data sizes:     COMRAM   BANK0   BANK1   BANK2   BANK3   BANK4   BANK5   BANK6   BANK7   BANK8   BANK9  BANK10  BANK11  BANK12  BANK13  BANK14
      Params:         8       0       0       0       0       0       0       0       0       0       0       0       0       0       0       0
      Locals:         0       0       0       0       0       0       0       0       0       0       0       0       0       0       0       0
      Temps:          0       0       0       0       0       0       0       0       0       0       0       0       0       0       0       0
      Totals:         8       0       0       0       0       0       0       0       0       0       0       0       0       0       0       0
Total ram usage:        8 bytes
 Hardware stack levels used:    1
 Hardware stack levels required when called:    1
 This function calls:
		___fladd
 This function is called by:
		_tempToMIDI
		_log10f
		_log2f
		_freqToMIDI
 This function uses a non-reentrant model


 *************** function ___fladd *****************
 Defined at:
		line 10 in file "C:\Program Files\Microchip\xc8\v2.20\pic\sources\c99\common\sprcadd.c"
 Parameters:    Size  Location     Type
  b               4   64[COMRAM] unsigned char 
  a               4   68[COMRAM] unsigned char 
 Auto vars:     Size  Location     Type
  grs             1   79[COMRAM] unsigned char 
  bexp            1   78[COMRAM] unsigned char 
  aexp            1   77[COMRAM] unsigned char 
  signs           1   76[COMRAM] unsigned char 
 Return value:  Size  Location     Type
                  4   64[COMRAM] unsigned char 
 Registers used:
		wreg, status,2, status,0
 Tracked objects:
		On entry : 
		On exit  : 
		Unchanged: 
 Data sizes:     COMRAM   BANK0   BANK1   BANK2   BANK3   BANK4   BANK5   BANK6   BANK7   BANK8   BANK9  BANK10  BANK11  BANK12  BANK13  BANK14
      Params:         8       0       0       0       0       0       0       0       0       0       0       0       0       0       0       0
      Locals:         4       0       0       0       0       0       0       0       0       0       0       0       0       0       0       0
      Temps:          4       0       0       0       0       0       0       0       0       0       0       0       0       0       0       0
      Totals:        16       0       0       0       0       0       0       0       0       0       0       0       0       0       0       0
Total ram usage:       16 bytes
 Hardware stack levels used:    1
 This function calls:
		Nothing
 This function is called by:
		_tempToMIDI
		_ADToMIDI_DC
		___flsub
		_log10f
		_log2f
		_freqToMIDI
		_ADToMIDI_AC
 This function uses a non-reentrant model


 *************** function ___flmul *****************
 Defined at:
		line 8 in file "C:\Program Files\Microchip\xc8\v2.20\pic\sources\c99\common\sprcmul.c"
 Parameters:    Size  Location     Type
  b               4   39[COMRAM] unsigned char 
  a               4   43[COMRAM] unsigned char 
 Auto vars:     Size  Location     Type
  prod            4   58[COMRAM] struct .
  grs             4   52[COMRAM] unsigned long 
  temp            2   62[COMRAM] struct .
  bexp            1   57[COMRAM] unsigned char 
  aexp            1   56[COMRAM] unsigned char 
  sign            1   51[COMRAM] unsigned char 
 Return value:  Size  Location     Type
                  4   39[COMRAM] unsigned char 
 Registers used:
		wreg, status,2, status,0, prodl, prodh
 Tracked objects:
		On entry : 
		On exit  : 
		Unchanged: 
 Data sizes:     COMRAM   BANK0   BANK1   BANK2   BANK3   BANK4   BANK5   BANK6   BANK7   BANK8   BANK9  BANK10  BANK11  BANK12  BANK13  BANK14
      Params:         8       0       0       0       0       0       0       0       0       0       0       0       0       0       0       0
      Locals:        13       0       0       0       0       0       0       0       0       0       0       0       0       0       0       0
      Temps:          4       0       0       0       0       0       0       0       0       0       0       0       0       0       0       0
      Totals:        25       0       0       0       0       0       0       0       0       0       0       0       0       0       0       0
Total ram usage:       25 bytes
 Hardware stack levels used:    1
 This function calls:
		Nothing
 This function is called by:
		_tempToMIDI
		_ADToMIDI_DC
		_log10f
		_log2f
		_freqToMIDI
		_ADToMIDI_AC
 This function uses a non-reentrant model


 *************** function ___fldiv *****************
 Defined at:
		line 11 in file "C:\Program Files\Microchip\xc8\v2.20\pic\sources\c99\common\sprcdiv.c"
 Parameters:    Size  Location     Type
  b               4   14[COMRAM] unsigned char 
  a               4   18[COMRAM] unsigned char 
 Auto vars:     Size  Location     Type
  grs             4   33[COMRAM] unsigned long 
  rem             4   26[COMRAM] unsigned long 
  new_exp         2   31[COMRAM] short 
  aexp            1   38[COMRAM] unsigned char 
  bexp            1   37[COMRAM] unsigned char 
  sign            1   30[COMRAM] unsigned char 
 Return value:  Size  Location     Type
                  4   14[COMRAM] unsigned char 
 Registers used:
		wreg, status,2, status,0
 Tracked objects:
		On entry : 
		On exit  : 
		Unchanged: 
 Data sizes:     COMRAM   BANK0   BANK1   BANK2   BANK3   BANK4   BANK5   BANK6   BANK7   BANK8   BANK9  BANK10  BANK11  BANK12  BANK13  BANK14
      Params:         8       0       0       0       0       0       0       0       0       0       0       0       0       0       0       0
      Locals:        13       0       0       0       0       0       0       0       0       0       0       0       0       0       0       0
      Temps:          4       0       0       0       0       0       0       0       0       0       0       0       0       0       0       0
      Totals:        25       0       0       0       0       0       0       0       0       0       0       0       0       0       0       0
Total ram usage:       25 bytes
 Hardware stack levels used:    1
 This function calls:
		Nothing
 This function is called by:
		_general_Interrupts
		_tempToMIDI
		_ADToMIDI_DC
		_log10f
		_log2f
		_freqToMIDI
		_ADToMIDI_AC
 This function uses a non-reentrant model


 *************** function ___fltol *****************
 Defined at:
		line 43 in file "C:\Program Files\Microchip\xc8\v2.20\pic\sources\c99\common\fltol.c"
 Parameters:    Size  Location     Type
  f1              4   80[COMRAM] unsigned char 
 Auto vars:     Size  Location     Type
  exp1            1   89[COMRAM] unsigned char 
  sign1           1   88[COMRAM] unsigned char 
 Return value:  Size  Location     Type
                  4   80[COMRAM] long 
 Registers used:
		wreg, status,2, status,0
 Tracked objects:
		On entry : 
		On exit  : 
		Unchanged: 
 Data sizes:     COMRAM   BANK0   BANK1   BANK2   BANK3   BANK4   BANK5   BANK6   BANK7   BANK8   BANK9  BANK10  BANK11  BANK12  BANK13  BANK14
      Params:         4       0       0       0       0       0       0       0       0       0       0       0       0       0       0       0
      Locals:         2       0       0       0       0       0       0       0       0       0       0       0       0       0       0       0
      Temps:          4       0       0       0       0       0       0       0       0       0       0       0       0       0       0       0
      Totals:        10       0       0       0       0       0       0       0       0       0       0       0       0       0       0       0
Total ram usage:       10 bytes
 Hardware stack levels used:    1
 This function calls:
		Nothing
 This function is called by:
		_tempToMIDI
		_ADToMIDI_DC
		_freqToMIDI
		_ADToMIDI_AC
 This function uses a non-reentrant model



MODULE INFORMATION

Module		Function		Class		Link	Load	Size
C:\Program Files\Microchip\xc8\v2.20\pic\sources\c99\common\log2f.c
		_log2f         		CODE           	1820	0000	2139

C:\Program Files\Microchip\xc8\v2.20\pic\sources\c99\common\log2f.c estimated size: 2139

C:\Program Files\Microchip\xc8\v2.20\pic\sources\c99\common\sprcadd.c
		___flsub       		CODE           	3686	0000	71
		___fladd       		CODE           	207A	0000	1217

C:\Program Files\Microchip\xc8\v2.20\pic\sources\c99\common\sprcadd.c estimated size: 1288

C:\Program Files\Microchip\xc8\v2.20\pic\sources\c99\common\flge.c
		___flge        		CODE           	33BE	0000	261

C:\Program Files\Microchip\xc8\v2.20\pic\sources\c99\common\flge.c estimated size: 261

ZCD.c
		_ZCDConfig     		CODE           	3804	0000	17
		_ZCDPriority   		CODE           	3814	0000	13

ZCD.c estimated size: 30

C:\Program Files\Microchip\xc8\v2.20\pic\sources\c99\common\log10f.c
		_log10f        		CODE           	0F3A	0000	2279

C:\Program Files\Microchip\xc8\v2.20\pic\sources\c99\common\log10f.c estimated size: 2279

shared
		_ivln10lo      		SMALLCONST     	0000	0000	0
		_Lg1           		SMALLCONST     	0000	0000	0
		_Lg2           		SMALLCONST     	0000	0000	0
		_Lg3           		SMALLCONST     	0000	0000	0
		_ivln10hi      		SMALLCONST     	0000	0000	0
		_Lg4           		SMALLCONST     	0000	0000	0
		_ivln2hi       		SMALLCONST     	0000	0000	0
		__initialization		CODE           	363E	0000	55
		_log10_2hi     		SMALLCONST     	0000	0000	0
		_log10_2lo     		SMALLCONST     	0000	0000	0
		_Lg1@log2f$F2121		SMALLCONST     	0000	0000	0
		_Lg2@log2f$F2122		SMALLCONST     	0000	0000	0
		_Lg3@log2f$F2123		SMALLCONST     	0000	0000	0
		_Lg4@log2f$F2124		SMALLCONST     	0000	0000	0
		_ivln2lo       		SMALLCONST     	0000	0000	0

shared estimated size: 55

ADC.c
		_ADConvert     		CODE           	37F2	0000	19
		_ADCConfig     		CODE           	3748	0000	29

ADC.c estimated size: 48

zerocross_main.c
		_main          		CODE           	3586	0000	185
		_general_Interrupts		CODE           	0008	0000	317

zerocross_main.c estimated size: 502

MIDI.c
		_tempToMIDI    		CODE           	2CFE	0000	691
		_configMIDI    		CODE           	3764	0000	27
		_ADToMIDI_DC   		CODE           	3164	0000	341
		_sendMIDI_ON   		CODE           	36CC	0000	63
		_sendMIDI_OFF  		CODE           	370A	0000	63

MIDI.c estimated size: 1185

TimerConfig.c
		_CCP1Config    		CODE           	37DE	0000	21
		_TMR1Reset     		CODE           	37C8	0000	23
		_TMR3Reset     		CODE           	37B2	0000	23
		_TMR1Config    		CODE           	3798	0000	27
		_TMR3Config    		CODE           	377E	0000	27

TimerConfig.c estimated size: 121

C:\Program Files\Microchip\xc8\v2.20\pic\sources\c99\common\sprcmul.c
		___flmul       		CODE           	253A	0000	1067

C:\Program Files\Microchip\xc8\v2.20\pic\sources\c99\common\sprcmul.c estimated size: 1067

C:\Program Files\Microchip\xc8\v2.20\pic\sources\c99\common\sprcdiv.c
		___fldiv       		CODE           	2964	0000	923

C:\Program Files\Microchip\xc8\v2.20\pic\sources\c99\common\sprcdiv.c estimated size: 923

C:\Program Files\Microchip\xc8\v2.20\pic\sources\c99\common\awdiv.c
		___awdiv       		CODE           	34C2	0000	197

C:\Program Files\Microchip\xc8\v2.20\pic\sources\c99\common\awdiv.c estimated size: 197

C:\Program Files\Microchip\xc8\v2.20\pic\sources\c99\common\fltol.c
		___fltol       		CODE           	32B8	0000	263

C:\Program Files\Microchip\xc8\v2.20\pic\sources\c99\common\fltol.c estimated size: 263

C:\Program Files\Microchip\xc8\v2.20\pic\sources\c99\common\xxtofl.c
		___xxtofl      		CODE           	2FB0	0000	437

C:\Program Files\Microchip\xc8\v2.20\pic\sources\c99\common\xxtofl.c estimated size: 437

